// Jest Snapshot v1, https://goo.gl/fbAQLP

exports[`<FormInput /> matches snapshot 1`] = `
<View
  pointerEvents="box-none"
  style={
    Object {
      "flex": 1,
    }
  }
>
  <View
    collapsable={true}
    pointerEvents="box-none"
    style={
      Object {
        "flex": 1,
      }
    }
  >
    <View
      style={
        Object {
          "flex": 1,
        }
      }
    >
      <View
        style={
          Object {
            "marginVertical": 6,
          }
        }
      >
        <View
          style={
            Array [
              Object {
                "backgroundColor": "#F7F9FC",
                "borderColor": "#E4E9F2",
                "borderRadius": 4,
                "borderWidth": 1,
                "minHeight": 48,
                "paddingHorizontal": 8,
                "paddingVertical": 11,
              },
              Object {
                "alignItems": "center",
                "flexDirection": "row",
                "width": "100%",
              },
            ]
          }
        >
          <TextInput
            allowFontScaling={true}
            appearance="default"
            editable={true}
            placeholderTextColor="#8F9BB3"
            rejectResponderTermination={true}
            size="large"
            status="basic"
            style={
              Array [
                Object {
                  "color": "#222B45",
                  "fontFamily": "System",
                  "fontSize": 15,
                  "fontWeight": "normal",
                  "marginHorizontal": 8,
                },
                Object {
                  "flexBasis": "auto",
                  "flexGrow": 1,
                  "flexShrink": 1,
                },
                null,
                undefined,
              ]
            }
            underlineColorAndroid="transparent"
          />
        </View>
        <View
          style={
            Array [
              Object {
                "marginTop": 4,
              },
              Object {
                "alignItems": "center",
                "flexDirection": "row",
              },
            ]
          }
        />
      </View>
    </View>
  </View>
</View>
`;
