// Jest Snapshot v1, https://goo.gl/fbAQLP

exports[`<SubmitButton /> has 1 child 1`] = `
<View
  pointerEvents="box-none"
  style={
    Object {
      "flex": 1,
    }
  }
>
  <View
    collapsable={true}
    pointerEvents="box-none"
    style={
      Object {
        "flex": 1,
      }
    }
  >
    <View
      style={
        Object {
          "flex": 1,
        }
      }
    >
      <TouchableOpacity
        activeOpacity={1}
        appearance="filled"
        size="medium"
        status="primary"
        style={
          Array [
            undefined,
            Array [
              Object {
                "backgroundColor": "#3366FF",
                "borderColor": "#3366FF",
                "borderRadius": 4,
                "borderWidth": 1,
                "minHeight": 40,
                "minWidth": 40,
                "paddingHorizontal": 10,
                "paddingVertical": 12,
              },
              Object {
                "alignItems": "center",
                "flexDirection": "row",
                "justifyContent": "center",
              },
              Array [
                Object {
                  "marginVertical": 10,
                },
                undefined,
              ],
            ],
          ]
        }
        testID="submit-button"
      >
        <View
          style={
            Object {
              "height": 20,
              "marginHorizontal": 10,
              "tintColor": "#FFFFFF",
              "width": 20,
            }
          }
        >
          <View
            style={
              Size {
                "height": 24,
                "width": 24,
              }
            }
          >
            <View
              style={
                Object {
                  "bottom": 0,
                  "height": 24,
                  "left": 0,
                  "position": "absolute",
                  "right": 0,
                  "top": 0,
                  "transform": Array [
                    Object {
                      "rotate": "45deg",
                    },
                  ],
                  "width": 24,
                }
              }
            >
              <View
                style={
                  Array [
                    Object {
                      "overflow": "hidden",
                    },
                    undefined,
                    Size {
                      "height": 12,
                      "width": 24,
                    },
                  ]
                }
              >
                <View
                  style={
                    Object {
                      "height": 24,
                      "transform": Array [
                        Object {
                          "rotate": "-165deg",
                        },
                      ],
                      "width": 24,
                    }
                  }
                >
                  <View
                    style={
                      Array [
                        Object {
                          "overflow": "hidden",
                        },
                        Size {
                          "height": 12,
                          "width": 24,
                        },
                      ]
                    }
                  >
                    <View
                      style={
                        Array [
                          Object {
                            "borderColor": "#3366FF",
                            "borderRadius": 12,
                            "borderWidth": 3.4,
                            "height": 24,
                            "width": 24,
                          },
                          undefined,
                        ]
                      }
                    />
                  </View>
                </View>
              </View>
            </View>
            <View
              style={
                Object {
                  "bottom": 0,
                  "height": 24,
                  "left": 0,
                  "position": "absolute",
                  "right": 0,
                  "top": 0,
                  "transform": Array [
                    Object {
                      "rotate": "45deg",
                    },
                  ],
                  "width": 24,
                }
              }
            >
              <View
                style={
                  Array [
                    Object {
                      "overflow": "hidden",
                    },
                    Object {
                      "top": 12,
                    },
                    Size {
                      "height": 12,
                      "width": 24,
                    },
                  ]
                }
              >
                <View
                  style={
                    Object {
                      "height": 24,
                      "transform": Array [
                        Object {
                          "translateY": -12,
                        },
                        Object {
                          "rotate": "345deg",
                        },
                      ],
                      "width": 24,
                    }
                  }
                >
                  <View
                    style={
                      Array [
                        Object {
                          "overflow": "hidden",
                        },
                        Size {
                          "height": 12,
                          "width": 24,
                        },
                      ]
                    }
                  >
                    <View
                      style={
                        Array [
                          Object {
                            "borderColor": "#3366FF",
                            "borderRadius": 12,
                            "borderWidth": 3.4,
                            "height": 24,
                            "width": 24,
                          },
                          undefined,
                        ]
                      }
                    />
                  </View>
                </View>
              </View>
            </View>
          </View>
        </View>
      </TouchableOpacity>
    </View>
  </View>
</View>
`;
